[digitonaut.com/art/lace_tunnel/index.html]
[digitonaut.com/art/lab_city/index.html]
[digitonaut.com/art/lavos/index.html]
[backblue.gif]
[fade.gif]
[index.html]
[digitonaut.com/art/led_tower/index.html]
[digitonaut.com/art/layerscape/index.html]
[digitonaut.com/art/liberation_of_the_true_self/index.html]
[digitonaut.com/art/lab_city/hub_events.js]
[digitonaut.com/art/lensing_in_space/index.html]
[digitonaut.com/art/life_of_tree/index.html]
[digitonaut.com/art/light_emitting_particules/index.html]
[digitonaut.com/art/light_fog_blobs/index.html]
[digitonaut.com/art/lighting_blob/index.html]
[digitonaut.com/art/lightning_corrosion_gravity/index.html]
[digitonaut.com/art/lights_in_smoke/index.html]
[digitonaut.com/art/limbo_progressive_art/index.html]
[digitonaut.com/art/linear_water/index.html]
[digitonaut.com/art/lines_and_circles/index.html]
[digitonaut.com/art/lines_of_straightness/index.html]
[digitonaut.com/art/lines_sphere/index.html]
[digitonaut.com/art/lines_runner/index.html]
[digitonaut.com/art/liquid_rainbow/index.html]
[digitonaut.com/art/lion_snek_murph/index.html]
[digitonaut.com/art/lonely_sphere/index.html]
[digitonaut.com/art/lowpoly_flooded_channel/index.html]
[digitonaut.com/art/lowpoly_foxes/index.html]
[digitonaut.com/art/luminescence/index.html]
[digitonaut.com/art/luminous_lines/index.html]
[digitonaut.com/art/lunar_debris/index.html]
[digitonaut.com/art/lab_city/index.html]
[digitonaut.com/art/lace_tunnel/shader-web-background.min.js]
[digitonaut.com/art/lace_tunnel/ichannel0.png]
[digitonaut.com/art/lace_tunnel/index.html]
[digitonaut.com/art/lavos/style.css]
[digitonaut.com/art/lavos/Stats.min.js]
[digitonaut.com/art/lavos/index.html]
[digitonaut.com/art/lavos/script.js]
[digitonaut.com/art/lab_city/TweenMax.min.js]
[digitonaut.com/art/layerscape/Sky.js]
[digitonaut.com/art/layerscape/hammer.min.js]
[digitonaut.com/art/layerscape/script.js]
[digitonaut.com/art/layerscape/index.html]
[digitonaut.com/art/lab_city/89_three.min.js]
[digitonaut.com/art/led_tower/main.js]
[digitonaut.com/art/led_tower/index.html]
[digitonaut.com/art/lensing_in_space/shader-web-background.min.js]
[digitonaut.com/art/lensing_in_space/index.html]
[digitonaut.com/art/liberation_of_the_true_self/shader-web-background.min.js]
[digitonaut.com/art/liberation_of_the_true_self/index.html]
[digitonaut.com/art/life_of_tree/shader-web-background.min.js]
[digitonaut.com/art/life_of_tree/index.html]
[digitonaut.com/art/light_emitting_particules/webgl-utils.js]
[digitonaut.com/art/light_emitting_particules/script.js]
[digitonaut.com/art/light_emitting_particules/index.html]
[digitonaut.com/art/light_fog_blobs/shader-web-background.min.js]
[digitonaut.com/art/light_fog_blobs/index.html]
[digitonaut.com/art/lighting_blob/script.js]
[digitonaut.com/art/lighting_blob/index.html]
[digitonaut.com/art/led_tower/three.min.js]
[digitonaut.com/art/layerscape/98_three.min.js]
[digitonaut.com/art/lightning_corrosion_gravity/openProcessing.js]
[digitonaut.com/art/lightning_corrosion_gravity/script.js]
[digitonaut.com/art/lightning_corrosion_gravity/index.html]
[digitonaut.com/art/lights_in_smoke/index.html]
[digitonaut.com/art/lights_in_smoke/shader-web-background.min.js]
[digitonaut.com/art/limbo_progressive_art/openProcessing.js]
[digitonaut.com/art/limbo_progressive_art/index.html]
[digitonaut.com/art/limbo_progressive_art/script.js]
[digitonaut.com/art/linear_water/simplex-noise.min.js]
[digitonaut.com/art/linear_water/index.html]
[digitonaut.com/art/linear_water/script.js]
[digitonaut.com/art/lines_and_circles/index.html]
[digitonaut.com/art/lines_of_straightness/prefixfree.min.js]
[digitonaut.com/art/lines_of_straightness/script.js]
[digitonaut.com/art/lines_of_straightness/index.html]
[digitonaut.com/art/lines_and_circles/processing.min.js]
[digitonaut.com/art/lines_runner/main.js]
[digitonaut.com/art/lines_runner/index.html]
[digitonaut.com/art/lines_sphere/main.css]
[digitonaut.com/art/lines_sphere/index.html]
[digitonaut.com/art/lion_snek_murph/shader-web-background.min.js]
[digitonaut.com/art/lion_snek_murph/index.html]
[digitonaut.com/art/lines_runner/three.min.js]
[digitonaut.com/art/liquid_rainbow/script.js]
[digitonaut.com/art/liquid_rainbow/index.html]
[digitonaut.com/art/limbo_progressive_art/p5.js]
[digitonaut.com/art/lonely_sphere/main.js]
[digitonaut.com/art/lonely_sphere/index.html]
[digitonaut.com/art/liquid_rainbow/84_three.min.js]
[digitonaut.com/art/lowpoly_flooded_channel/main.js]
[digitonaut.com/art/lowpoly_flooded_channel/index.html]
[digitonaut.com/art/lonely_sphere/three.min.js]
[digitonaut.com/art/lowpoly_foxes/script.js]
[digitonaut.com/art/lowpoly_foxes/index.html]
[digitonaut.com/art/luminescence/shader-web-background.min.js]
[digitonaut.com/art/luminescence/index.html]
[digitonaut.com/art/lowpoly_flooded_channel/three.min.js]
[digitonaut.com/art/luminous_lines/index.html]
[digitonaut.com/art/luminous_lines/main.js]
[digitonaut.com/art/lunar_debris/shader-web-background.min.js]
[digitonaut.com/art/lowpoly_foxes/86_three.min.js]
[digitonaut.com/art/lunar_debris/ichannel0.jpg]
[digitonaut.com/art/lunar_debris/index.html]
[digitonaut.com/art/lavos/reset.min.css]
[digitonaut.com/art/lavos/style.css]
[digitonaut.com/art/layerscape/style.css]
[digitonaut.com/art/led_tower/main.css]
[digitonaut.com/art/light_emitting_particules/style.css]
[digitonaut.com/art/lighting_blob/style.css]
[digitonaut.com/art/luminous_lines/three.min.js]
[digitonaut.com/art/lightning_corrosion_gravity/p5.js]
[digitonaut.com/art/linear_water/style.css]
[digitonaut.com/art/lines_of_straightness/style.css]
[digitonaut.com/art/lines_runner/main.css]
[digitonaut.com/art/lines_sphere/main.css]
[digitonaut.com/art/liquid_rainbow/style.css]
[digitonaut.com/art/lonely_sphere/main.css]
[digitonaut.com/art/lowpoly_flooded_channel/main.css]
[digitonaut.com/art/lowpoly_foxes/style.css]
[digitonaut.com/art/luminous_lines/main.css]
